ok base light surface is light
ok base dark surface is dark
ok ios dark has a dark surface
ok material dark has a dark surface
ok macos dark has a dark surface
ok ios dark accent is its brighter blue
ok ios dark re-derived primary_700
ok material dark primary is light
ok material dark on_primary is dark
ok ios light primary intact
ok light/dark share nothing mutable
