ok startup child has no enter spring
ok inserted child got an enter spring
ok enter starts fully transformed
ok enter is progressing
ok enter settles fully present
ok remove started an exit animation
ok victim left the children list
ok victim retained in exiting
ok exit starts fully present
ok exit settled at 0
ok settled exiter was pruned
ok scaled card covers its center
ok scaled card leaves its corner uncovered
