amount[5] isNull=true cellFloat=0
sum amount (skips null) = 1050
count(*) rows = 6
byRegion rows=2
  East sum=450 distinctReps=2 medianAmount=150
  West sum=600 distinctReps=2 medianAmount=300
byRep rows=4
  Alice distinctRegions=1
  Bob distinctRegions=1
  Cara distinctRegions=1
  Dan distinctRegions=1
inner rows=3
  Bob quota=1000
  Cara quota=2000
  Cara quota=2500
left rows=4
  Alice quota=null
  Bob quota=1000
  Cara quota=2500
  Cara quota=2000
csv row1 c isNull=true
csv row0 c isNull=false
