secureBytes(16).len = 16
secureInt >= 0 = true
secureBelow(100) in range = true
secureRange(10,20) in range = true
secureFloat in [0,1) = true
secureBool(1.0) = true
secureBool(0.0) = false
shuffled sum unchanged = true
choice in range = true
token len = 32
two tokens differ = true
two byte draws differ = true
