---- query builder, three dialects ----
ok    select/sqlite
ok    select/postgres
ok    select/mysql
ok    where in + is null
ok    join
ok    where raw renumbered

---- update binds SET before WHERE, whatever the call order ----
ok    update sql
ok    update param order

---- schema builder, three dialects ----
ok    ddl/sqlite
ok    ddl/postgres
ok    ddl/mysql
ok    index/sqlite
ok    index/mysql
ok    drop

---- SQLite: values are bound, never interpolated ----
ok    open
ok    dialect
ok    insert ok
ok    injection stored verbatim
ok    table survived

---- all five value kinds round-trip ----
ok    row exists
ok    text with quote and non-ascii
ok    int
ok    float
ok    blob bytes
ok    kinds
ok    default applied

---- NULL and the null object ----
ok    null column is null
ok    null kind
ok    null reads as zero
ok    unknown column is null
ok    index out of range is null
ok    no such row

---- transactions ----
ok    commit
ok    rollback
ok    commit added a row
ok    rollback kept the count
ok    deinit rolled back the early return

---- cursor ----
ok    cursor row count
ok    cursor ok
ok    cursor is done

---- rows outlive the database ----
ok    closed
ok    row read after close
ok    rows kept
ok    close is idempotent

---- errors report a code, not prose ----
ok    bad sql not ok
ok    bad sql code
ok    bad sql has no rows
ok    unique violation code
ok    update affected
ok    update applied
ok    delete affected
ok    delete emptied the table
ok    missing file is not open
ok    missing file code
ok    query on closed connection

done
