---- capability ----
ok    sqlite supports introspection
ok    sqlite dialect says so
ok    postgres supports introspection
ok    mysql supports introspection
ok    the ansi base does not, and says so

---- listing ----
ok    tables
ok    views
ok    hasTable users
ok    hasTable nope
ok    internals filtered

---- a rowid-alias primary key has no index ----
ok    users exists
ok    kind
ok    columns
ok    primary key
ok    id is pk
ok    id pk position
ok    index count
ok    the one index is the UNIQUE
ok    and it is implicit
ok    its column

---- declared types are kept verbatim ----
ok    varchar
ok    numeric
ok    untyped column
ok    varchar guesses text
ok    numeric guesses real
ok    int guesses int
ok    email is NOT NULL
ok    name is nullable
ok    default
ok    has a default
ok    no default

---- a composite key is ordered by position, not by column ----
ok    columns in table order
ok    primary key in key order
ok    tenant_id position
ok    user_id position
ok    role is not a key

---- a generated column, and the cid it would have broken ----
ok    columns incl. generated
ok    total is generated
ok    stored, not virtual
ok    label is not
ok    label true cid
ok    index column by cid

---- index shape ----
ok    explicit index is not implicit
ok    origin
ok    descending
ok    not unique
ok    not partial
ok    partial index is partial
ok    absent index
ok    and reads false rather than crashing
ok    hasIndex
ok    more raw columns than key columns

---- foreign keys ----
ok    fk count
ok    explicit from
ok    explicit to
ok    on delete
ok    implicit from
ok    implicit target
ok    implicit to is empty

---- table flags ----
ok    logs is WITHOUT ROWID
ok    users is not
ok    tight is STRICT
ok    users is not strict

---- a view ----
ok    view exists
ok    view kind
ok    isView
ok    view columns

---- triggers ----
ok    trigger count
ok    trigger name
ok    trigger table

---- the original DDL survives ----
ok    items DDL mentions the expression
ok    generated column has no default

---- a name a query builder cannot take ----
ok    the table is there
ok    and describable
ok    its column
ok    but not a usable identifier
ok    unlike users

---- absence is an answer, not an error ----
ok    describe reports absent
ok    with no columns
ok    column of an absent table
ok    column of a real table that has none
ok    out of range

---- the whole schema in one call ----
ok    schema tables
ok    schema views
ok    schema triggers
ok    reachable by name
ok    miss is absent

---- toTable() is a bridge, and it is lossy ----
ok    re-rendered
ok    composite pk dropped

---- describe() renders ----
table memberships
  user_id INTEGER NOT NULL PK2
  tenant_id INTEGER NOT NULL PK1
  role TEXT
  index sqlite_autoindex_memberships_1 UNIQUE (tenant_id, user_id) primary-key

