ok    available
ok    version is OpenSSL 3.x
ok    leaf subject
ok    leaf issuer
ok    root is self-issued
ok    leaf has a serial
ok    leaf SAN count
ok    leaf SAN 0
ok    leaf SAN 1
ok    leaf SAN 2
ok    cn-only SAN count
ok    leaf validity is ordered
ok    expired notBefore
ok    expired notAfter
ok    fingerprint length
ok    garbage PEM is null
ok    exact SAN match
ok    second SAN matches
ok    IP SAN matches
ok    wrong host rejected
ok    wrong IP rejected
ok    CN fallback with no SAN
ok    CN ignored when a SAN exists
ok    wildcard matches one label
ok    wildcard does not match two
ok    wildcard does not match bare
ok    wildcard does not cross domains
ok    empty host rejected
ok    leaf verifies against its root
ok    leaf fails against another root
ok      and says why
ok    an empty trust store verifies nothing
ok    an expired certificate fails
ok      and says why
ok    server ALPN configured
ok    client trusts the test root
ok    client ALPN configured
ok    min version raised
ok    handshake completed
ok    negotiated protocol
ok    client ALPN
ok    server ALPN
ok    peer subject
ok    peer chains to the test root
ok    peer matches the hostname
ok    server sees no client certificate
ok    channel binding available
ok    channel binding is the peer certificate's hash
ok    other bindings refused
ok    tls_client() rejects an untrusted root
ok    verify_chain_only also rejects it
ok    insecure_no_verification accepts it
ok    verify-full rejects the wrong hostname
ok    verify-ca accepts the same connection
ok    server received
ok    client received
ok    read after close is not ok
ok    close is clean
