Hello Ada, from London
1920x1080 at 59.94 fps
ok=true
sum=3000
len=3
upper=ADA
call=42
borrowed=Ada fresh=fresh
AdaLondon
Ada trails
leads London
no holes at all
empty=[]
{literal braces} around Ada
{Ada}
line one
line two with Ada
raw a\nb
nested string: a}b{c
outer inner 1920 end
chars=13
123
0,1,2,3,
