---- the Image type ----
ok    encoder linked
ok    dims
ok    pixel count
ok    starts transparent
ok    filled
ok    set corner
ok    set far corner
ok    out of bounds reads 0
ok    out of bounds write dropped
ok    clone is independent
---- converting from the other pixel layouts ----
ok    rgb gains alpha
ok    rgb keeps colour
ok    argb keeps alpha
---- PNG ----
ok    non-empty
ok    signature
ok    first chunk
ok    IHDR width
ok    IHDR height
ok    bit depth
ok    colour type (6 = RGBA)
ok    ends with IEND
ok    deterministic
ok    content-sensitive
ok    level 0 still a PNG
ok    level 0 same dimensions
ok    restored level reproduces
---- other formats ----
ok    jpeg non-empty
ok    jpeg SOI
ok    higher quality is not smaller
ok    bmp magic
ok    tga non-empty
---- writing to a file ----
ok    write succeeds
ok    bad path fails cleanly
ok    empty image refused
ok    empty image encodes to nothing
