zlib 1.3.1

original: 134 bytes
raw deflate:  49 bytes
zlib wrapper: 55 bytes
gzip wrapper: 67 bytes

round trip: 134 bytes back
identical:  true

level 0: 157 bytes (stored)
level 6: 67 bytes (default)
level 9: 67 bytes (smallest)

garbage refused: true
  reason: inflate: incorrect header check
wrong framing refused: true

1 MiB of zeroes -> 1051 bytes
refused at limit 1000: true
allowed with no limit: true

streamed: 10 + 57 bytes
unstreamed: 134 bytes, ok=true
truncated stream caught by finish(): true
