is_empty = false
empty is_empty = true
contains = true
starts_with = true
ends_with = true
index_of = 4
last_index_of = 8
count l = 3
char_at = e
to_upper = HELLO, WORLD
to_lower = hello, world
trim = [hi]
trim_start = [hi  ]
trim_end = [  hi]
repeat = ababab
pad_start = [0007]
pad_end = [7...]
replace = a+b+c
reverse = cba
to_int = -42
to_float ok = true
split len = 3
  part = a
  part = b
  part = c
lines len = 2
  line = one
  line = two
