first = 10
last = 40
nth 1 = 20
nth -1 = 40
is_empty = false
contains 30 = true
contains 99 = false
index_of 20 = 1
index_of 99 = -1
slice len = 2 [20,30]
after insert: 5 len 5
removed = 5 len 4
reversed first = 40
concat len = 4 last 4
extend len = 4 last 4
fill = 7,7,7
str contains = true
str index_of = 2
join = ay-bee-see
first_str = ay
str reversed first = see
after clear is_empty = true
