err=[]
name=ada
score=42
active=true
tag0=x tag1=y
tags.len=2
age=36
missing.isNull=true
float=3.14159
compact={"id":7,"label":"hi \"there\"\nnext","list":[1,false,null]}
pretty=
{
  "id": 7,
  "label": "hi \"there\"\nnext",
  "list": [
    1,
    false,
    null
  ]
}
unicode.len=10
encode={"id":7,"label":"hi \"there\"\nnext","list":[1,false,null]}
decode.k1=2
bad.isNull=true err.nonempty=true
