serve --port 9000 /srv
  -> host=localhost port=9000 quiet=false root=/srv
serve --port=9000 /srv
  -> host=localhost port=9000 quiet=false root=/srv
serve -p 9000 /srv
  -> host=localhost port=9000 quiet=false root=/srv
serve /srv -q
  -> host=localhost port=8080 quiet=true root=/srv
serve
  -> host=localhost port=8080 quiet=false root=.

serve --prot 9000        (a typo, silently ignored by a hand loop)
  -> serve: unknown flag: --prot | try 'serve --help' for usage
serve --port 80a0        (a panic inside to_int for a hand loop)
  -> serve: --port: '80a0' is not an integer | try 'serve --help' for usage
serve --host 127.0.0.1   (an unlisted value, silently accepted)
  -> serve: --host: '127.0.0.1' is not one of: localhost, 0.0.0.0 | try 'serve --help' for usage
serve --port             (a missing value)
  -> serve: --port needs a value | try 'serve --help' for usage

serve --help
  parse returned false, exit code 0
serve — a static file server

usage: serve [options] [ROOT]

Arguments:
  ROOT               directory to serve
                       [default: .]

Options:
  -p, --port=<n>     port to listen on
                       [default: 8080]
  -q, --quiet        suppress the request log
      --host=<name>  address to bind
                       (one of: localhost, 0.0.0.0) [default: localhost]
  -h, --help         show this help

git commit -m 'fix the parser' --amend
  -> ok=true command=commit message='fix the parser' amend=true
git commit                (the required option is missing)
  -> ok=false err=missing required option --message

parse_int overflows cleanly: false   (to_int would abort here)
parse_int("-42") = true, -42
