Man   -> TWFu
Ma    -> TWE=
M     -> TQ==
empty -> []
back  -> Hello, world!
wrapped -> Hello, world!
std   -> +/++
url   -> -_--
both  -> true

qp    -> Caf=C3=A9 costs 5=3D10 francs
qp back -> Café costs 5=10 francs
soft  -> onetwo

essence = text/html
charset = utf-8
matches = true
isType  = true
boundary= a;b
reprint = multipart/form-data; boundary="a;b"
bad     = media type has no '/'
built   = application/json; charset=utf-8

.png    = image/png
path    = text/html; charset=utf-8
double  = application/gzip
dotfile = application/octet-stream
unknown = application/octet-stream

content-type = multipart/form-data; boundary=----vyto-example-74
--- body ---
------vyto-example-74
Content-Disposition: form-data; name=who

ada
------vyto-example-74
Content-Disposition: form-data; name=notes; filename=notes.txt
Content-Type: text/plain; charset=utf-8

first line
second line
------vyto-example-74--

--- parsed back ---
part 0: name=who filename=[] type=[] isFile=false
  body: ada
part 1: name=notes filename=[notes.txt] type=[text/plain; charset=utf-8] isFile=true
  body: first line\nsecond line
