v4 shape   = xxxxxxxx-xxxx-xxxx-xxxx-xxxxxxxxxxxx
v4 length  = 36
v4 version = 4
v4 variant = 1
v4 unique  = true

v7 shape   = xxxxxxxx-xxxx-xxxx-xxxx-xxxxxxxxxxxx
v7 version = 7
v7 recent  = true
v7 not old = true
v4 has ts  = false
ordered    = true
self       = 0
5000 in order = true

hyphenated = 6ba7b810-9dad-11d1-80b4-00c04fd430c8
braced     = 6ba7b810-9dad-11d1-80b4-00c04fd430c8
bare       = 6ba7b810-9dad-11d1-80b4-00c04fd430c8
urn        = 6ba7b810-9dad-11d1-80b4-00c04fd430c8
version    = 1
nil        = 00000000-0000-0000-0000-000000000000
nil is nil = true
v4 is nil  = false
bad valid  = false
bad version= -1
bad canon  = []
bytes      = 16 -> 6ba7b810-9dad-11d1-80b4-00c04fd430c8
parse ok   = true
parse small= false

bytes(24)  = 24
bytes(0)   = 0
u63 >= 0   = true
float 0..1 = true
die range  = true
all 6 seen = true
empty range= 5
