text  = 5 &lt; 6 &amp; 7 &gt; 4
attr  = say &quot;hi&quot; &amp; don&#39;t
input = &lt;script&gt;alert('xss')&lt;/script&gt;

named   = café — 100° & more
numeric = Hello !
unknown = &notarealentity; stays

<article class="post" data-id="7"><h2>Ada &amp; the Engine</h2><p>She wrote the first <em>program</em>.</p><ul><li>note &lt;one&gt;</li><li>note "two"</li></ul></article>
well formed = true, still open = 0

void      = <p>line one<br>line two</p>
is void   = br:true div:false
raw text  = script:true
flags     = <input type="checkbox" checked disabled><!--the - - sequence is neutralized, since it would end the comment-->
raw       = <div><b>trusted markup</b></div>
error     = close() with no open element

tag       = <h1>Title &amp; subtitle</h1>
strip     = Hello world & friends

a whole page:
<!doctype html><html lang="en"><head><meta charset="utf-8"><meta name="viewport" content="width=device-width, initial-scale=1"><title>Ada &amp; Co</title></head><body><h1>Hello</h1></body></html>
