--- text ---
2026-01-28T09:41:02.317Z INFO  api: listening
2026-01-28T09:41:02.317Z WARN  api: upstream slow
2026-01-28T09:41:02.317Z ERROR api: upstream refused
debug enabled? false

--- fields ---
2026-01-28T09:41:02.317Z INFO  api: configured port=8080 workers=4
2026-01-28T09:41:02.317Z INFO  api: started
2026-01-28T09:41:02.317Z INFO  api: with context region=eu-west
2026-01-28T09:41:02.317Z WARN  api: retrying region=eu-west attempt=2
2026-01-28T09:41:02.317Z INFO  api: quoting region=eu-west path="/a b/c" empty="" q="say \"hi\""

--- formatted ---
2026-01-28T09:41:02.317Z INFO  api: served 1204 requests in 37 ms region=eu-west
2026-01-28T09:41:02.317Z ERROR api: host db-1 failed after 3 attempts region=eu-west

--- levels ---
2026-01-28T09:41:02.317Z TRACE worker: entering loop
2026-01-28T09:41:02.317Z DEBUG worker: batch of 100
2026-01-28T09:41:02.317Z INFO  worker: done
parsed 'warn'  = 3
parsed 'nope'  = 2 (the default)
name of WARN   = warn
records from a LOG_OFF logger: 0

--- child ---
2026-01-28T09:41:02.317Z INFO  api: handling region=eu-west req=a1b2c3
2026-01-28T09:41:02.317Z INFO  api: parent is unchanged region=eu-west

--- json lines ---
{"ts":"2026-01-28T09:41:02.317Z","level":"info","logger":"api","msg":"started","host":"node-1"}
{"ts":"2026-01-28T09:41:02.317Z","level":"info","logger":"api","msg":"listening","host":"node-1","port":"8080","tls":"on"}
{"ts":"2026-01-28T09:41:02.317Z","level":"error","logger":"api","msg":"upstream failed","host":"node-1","err":"connection reset\nby peer"}

--- timestamps ---
RFC 3339 with ms = 2026-01-28T09:41:02.317Z
the epoch        = 1970-01-01T00:00:00.000Z
INFO  no timestamp, no logger name
