parsed 4 lines
  ERROR [db] timeout contacting shard 3
  WARN [web] bob@example.com retried
  ERROR [web] carol@example.org gave up
  INFO [db] compaction finished
levels: ERROR=2 WARN=1 INFO=1
redacted line 2: 2026-07-28 WARN   web bob@REDACTED retried
redacted line 3: 2026-07-28 ERROR  web carol@REDACTED gave up
fields=3 last=hosts=a;b;c
key=hosts value=a;b;c
first shard: 3
squashed:    a b c
bad pattern rejected at offset 9
hostile pattern: matched=false error=match limit exceeded
