errors: 3 of 5 lines
  first: 2026-07-28 ERROR  db   timeout on shard 3 from 10.0.0.7
quiet lines: 1
ip mentions: 2
addresses: 10.0.0.7 192.168.1.99
subsystems: db,web,web,db,net
levels:     ERROR,WARN,ERROR,INFO,ERROR
redacted: 2026-07-28 WARN   web  slow reply to bob@[redacted]
literal search: 1   unquoted would also match 10x0y0z7
  admin -> email
  bind -> ipv4
  relay -> text
  fallback -> text
shard: shard 3
region: none
