---- SHA-256 (FIPS 180-4) ----
ok    sha256("abc")
ok    sha256("")
ok    sha256(448-bit msg)
ok    sha256(1M x 'a')
---- HMAC-SHA256 (RFC 4231) ----
ok    case 1
ok    case 2
ok    case 3
ok    case 6 (long key)
---- HKDF-SHA256 (RFC 5869) ----
ok    case 1 (42 bytes)
ok    case 3 (empty salt and info)
---- PBKDF2-HMAC-SHA256 (RFC 8018) ----
ok    c=1
ok    c=2
ok    c=4096
ok    c=4096, 40 bytes
---- SHA-512 / SHA-384 (FIPS 180-4) ----
ok    sha512("abc")
ok    sha512("")
ok    sha512(896-bit msg)
ok    sha512(1M x 'a')
ok    sha384("abc")
ok    sha384("")
ok    sha384(896-bit msg)
---- HMAC-SHA512 / HMAC-SHA384 (RFC 4231) ----
ok    512 case 1
ok    512 case 2
ok    512 case 3
ok    512 case 6
ok    384 case 1
ok    384 case 6
---- HKDF-SHA512 (RFC 5869 construction) ----
ok    length
ok    info separates
ok    deterministic
---- PBKDF2-HMAC-SHA512 (RFC 8018) ----
ok    c=1
ok    c=2
ok    c=2, 100 bytes
---- BLAKE2b (RFC 7693) ----
ok    blake2b("abc", 64)
ok    blake2b("", 64)
ok    blake2b("abc", 32)
---- Argon2 (RFC 9106 §5) ----
ok    Argon2d
ok    Argon2i
ok    Argon2id
ok    argon2id() matches argon2_raw
ok    argon2i() matches argon2_raw
ok    argon2d() matches argon2_raw
ok    differs on password
ok    differs on salt
ok    differs on iterations
ok    differs on memory
ok    differs on lanes
ok    differs on secret
ok    differs on associated data
ok    stable across calls
ok    64-byte tag is not an extension of the 32-byte one
ok    long tag has the right length
ok    1024-byte tag
---- ChaCha20 (RFC 8439 2.4.2) ----
ok    keystream XOR, counter 1
---- ChaCha20-Poly1305 AEAD (RFC 8439 2.8.2) ----
ok    ciphertext
ok    tag
ok    opens
ok    plaintext round-trips
ok    rejects flipped ciphertext bit
ok    rejects flipped tag bit
ok    rejects altered aad
ok    rejects wrong key
ok    rejects wrong nonce
ok    rejects truncated input
ok    empty plaintext authenticates
ok    empty plaintext is empty
---- constant-time compare ----
ok    equal
ok    differs in last byte
ok    differs in first byte
ok    different lengths
---- hex ----
ok    encode
ok    ignores separators
---- P-256 key agreement and signing ----
ok    derives public key
ok    public key matches RFC 6979 A.2.5
ok    derived key validates
ok    signs
ok    signature is 64 bytes
ok    deterministic across calls
ok    verifies
ok    rejects a different message
ok    different message gives different signature
ok    rejects a tampered signature
ok    random nonce signs
ok    random nonce differs per call
ok    random nonce verifies
---- P-256 generated keys ----
ok    generates
ok    two keypairs differ
ok    generated key validates
ok    public matches private
ok    ECDH both sides succeed
ok    ECDH agrees
ok    rejects all-zero public key
ok    ECDH rejects invalid point
---- P-256 point compression ----
ok    compressed
ok    decompresses
ok    decompression round-trips
ok    rejects an off-curve compressed point
