PASS health
PASS route_param
PASS query_param
PASS request_header
PASS header_count
PASS body_echo
PASS unknown_path_404
PASS wrong_method_405
PASS bad_version_505
PASS chunked_refused_501
PASS date_header
PASS header_injection_blocked
PASS too_many_headers_431
PASS oversized_body_413
PASS bad_content_length_400
PASS headers_grow_buffer
PASS body_grows_buffer
PASS cap_still_enforced_431
PASS head_keeps_length
PASS head_sends_no_body
PASS head_falls_back_to_get
PASS cl_conflicting_400
PASS cl_duplicate_400
PASS te_and_cl_400
PASS missing_host_400
PASS duplicate_host_400
PASS http10_no_host_ok
PASS absolute_form_ok
PASS hdr_space_in_name_400
PASS hdr_space_before_colon_400
PASS pct_dots_normalised
PASS dot_segments_normalised
PASS pct_nul_400
done
