PASS health
PASS route_param
PASS query_param
PASS request_header
PASS header_count
PASS body_echo
PASS unknown_path_404
PASS wrong_method_405
PASS bad_version_505
PASS chunked_refused_501
PASS date_header
PASS header_injection_blocked
PASS too_many_headers_431
PASS oversized_body_413
PASS bad_content_length_413
PASS headers_grow_buffer
PASS body_grows_buffer
PASS cap_still_enforced_431
done
