---- by priority ----
1 fix the leak [x]
2 ship the release
4 answer email
5 water the plants
---- by name ----
4 answer email
1 fix the leak [x]
2 ship the release
5 water the plants
---- search ----
2
-1
true
---- repeat ----
8
1 fix the leak [x]
1 fix the leak [x]
---- the original array is untouched ----
2 ship the release
5 water the plants
1 fix the leak [x]
4 answer email
