---- iterate ----
Blue in Green
So What
Flamenco Sketches
---- the index form still works, and is the same loop ----
Blue in Green (412)
So What (1180)
Flamenco Sketches (96)
---- break and continue ----
long: Blue in Green
---- nested ----
---- virtual at(): one loop, two sequences ----
0 1 2 3 4 
0 2 4 6 8 
---- len() is re-read, so this terminates ----
4 tracks visited, 4 in the list
