---- slab ----
3 jobs, 3 slots
test
stale handle still valid? false
same slot, different handle? true
---- heap ----
reused ship test build 
---- deque ----
fetch compile link 
---- lru ----
build cached: 5
test survived: false
order: docs, build, ship
evictions: 1
---- sets ----
4 distinct names
adding a duplicate: false
done count: 3
first done after 8: 11
---- ring ----
line 2 | line 3 | line 4 | line 5 | line 6 | line 7 | line 8 | line 9
dropped 2 earlier lines
---- for-in ----
line 2
line 3
line 4
line 5
line 6
line 7
line 8
line 9
