---- trie ----
modules under vyto/util: 2
vyto/coll, vyto/coll/deque
owner of vyto/coll/deque.vt: vyto/coll/deque
---- graph ----
build order: vyto/hash vyto/util/sort vyto/coll vyto/util/text vyto/coll/deque vyto/ds 
has a cycle: false
cheapest path hash -> ds: 2
unreachable from hash: true
independent groups: true
cyclic topo_sort length: 0
---- dsu ----
distinct bundles: 3
coll and ds together: true
coll and sort together: false
---- fenwick ----
total size: 154 KB
first three: 107 KB
after hash grew: 254 KB
module at cumulative 50 KB: vyto/coll/deque
---- segtree ----
smallest overall: 7 KB
smallest of the first three: 12 KB
smallest of the last three now: 18 KB
---- bloom ----
definitely not fetched: true
possibly fetched: true
bits used: 12500 bytes
---- interval tree ----
byte 60 lives in vyto/ds
ranges overlapping [40, 70): 2
anything at byte 9999: false
