<?xml version="1.0" encoding="utf-8"?>
<manifest xmlns:android="http://schemas.android.com/apk/res/android"
          package="dev.vyto.example"
          android:versionCode="7"
          android:versionName="2.1.0">

    <uses-sdk android:minSdkVersion="24" android:targetSdkVersion="34" />

    <uses-permission android:name="android.permission.VIBRATE" />
    <uses-permission android:name="android.permission.POST_NOTIFICATIONS" />

    <queries>
        <intent>
            <action android:name="android.intent.action.VIEW" />
            <data android:scheme="https" />
        </intent>
        <intent>
            <action android:name="android.intent.action.SEND" />
        </intent>
    </queries>

    <application
        android:label="Example"
        android:icon="@mipmap/ic_launcher"
        android:theme="@style/Vyto.Splash"
        android:allowBackup="true"
        android:debuggable="false"
        android:hardwareAccelerated="true"
        android:extractNativeLibs="false">

        <activity
            android:name="dev.vyto.android.VytoActivity"
            android:exported="true"
            android:launchMode="singleTop"
            android:windowSoftInputMode="adjustResize"
            android:configChanges="orientation|screenSize|screenLayout|smallestScreenSize|density|keyboard|keyboardHidden|navigation|uiMode|locale|layoutDirection|fontScale"
            >
            <intent-filter>
                <action android:name="android.intent.action.MAIN" />
                <category android:name="android.intent.category.LAUNCHER" />
            </intent-filter>
            <intent-filter>
                <action android:name="android.intent.action.VIEW" />
                <category android:name="android.intent.category.DEFAULT" />
                <category android:name="android.intent.category.BROWSABLE" />
                <data android:scheme="https" android:host="example.dev" android:pathPrefix="/story" />
            </intent-filter>
            <intent-filter>
                <action android:name="android.intent.action.VIEW" />
                <category android:name="android.intent.category.DEFAULT" />
                <category android:name="android.intent.category.BROWSABLE" />
                <data android:scheme="example" />
            </intent-filter>
            <intent-filter>
                <action android:name="android.intent.action.SEND" />
                <category android:name="android.intent.category.DEFAULT" />
                <data android:mimeType="text/plain" />
            </intent-filter>
        </activity>

        <provider
            android:name="dev.vyto.android.VytoProvider"
            android:authorities="dev.vyto.example.fileprovider"
            android:exported="false"
            android:grantUriPermissions="true" />

    </application>
</manifest>

BAD deep_link with an empty scheme matches nothing
BAD share_target with an empty mime type matches nothing (use "*/*" to mean everything)
