unknownLong: ok=false exit=2 err=unknown flag: --serface
unknownShort: ok=false exit=2 err=unknown flag: -z
bundledShort: ok=false exit=2 err=unknown flag: -so
missingValue: ok=false exit=2 err=--screen needs a value
swallowGuard: ok=false exit=2 err=--out needs a value
shortMissing: ok=false exit=2 err=-o needs a value
notInt: ok=false exit=2 err=--rows: '80a0' is not an integer
intOverflow: ok=false exit=2 err=--rows: '9223372036854775808' is not an integer
intUnderflow: ok=false exit=2 err=--rows: '-9223372036854775809' is not an integer
intBound: ok=true exit=0 err=
intHex: ok=false exit=2 err=--rows: '0x10' is not an integer
intSpace: ok=false exit=2 err=--rows: '  8' is not an integer
notFloat: ok=false exit=2 err=--scale: '1.2.3' is not a number
notBool: ok=false exit=2 err=--surface: 'maybe' is not a boolean
badChoice: ok=false exit=2 err=--screen: 'bogus' is not one of: home, settings, photos
missingRequired: ok=false exit=2 err=missing required option --out
extraOperand: ok=false exit=2 err=unexpected argument: b.csv
missingOperand: ok=false exit=2 err=missing required argument path
unknownCommand: ok=false exit=2 err=unknown command: scn
commandRequired: ok=false exit=2 err=a command is required
subError: ok=false exit=2 err=missing required argument iface
--- report ---
grid: --rows: '80a0' is not an integer
try 'grid --help' for usage
firstWins=unknown flag: --nope
survived
