a.ok=true
a.surface=true
a.screen=settings
a.rows=7
a.path=data.csv
b.ok=true
b.surface=true
b.rows=9
c.ok=true
c.rows=11
d.ok=true
d.screen=home
d.rows=200
d.path=-
d.seenRows=false
d.seenSurface=false
e.ok=true
e.surface=false
e.seenSurface=true
f.ok=true
f.tags=alpha+beta+gamma
f.lastTag=gamma
g.ok=true
g.scale1000=1250
g.scaleText=1.25
h.ok=true
h.path=in.csv
h.extra=-x,--y,z
i.ok=true
i.tagIsDash=true
i2.ok=true
i2.rows=-5
j.ok=true
j.path=out.csv
j.surface=true
k.ok=true
k.number=true
k.files=a.txt,b.txt,c.txt
m.ok=true
m.chosen=monitor
m.iface=wlan1
m.once=true
n.ok=true
n.chosen=''
n.sub=true
p.ok=true
p.port=9000
q.ok=true
q.loud=true
q.firstUsageLine=usage: tiny [options]
int.max=true,9223372036854775807
int.over=false
int.min=true,-9223372036854775808
int.under=false
int.zeros=true,9223372036854775807
int.signed=true,42
int.space=false
int.hex=false
int.exp=false
float.exp=true,1500
float.trailingDot=false
float.leadingDot=false
bool.upper=true,true
bool.off=true,false
bool.two=false
