---- util ----
ok    next_pow2 floor is 8
ok    next_pow2 exact
ok    next_pow2 rounds up
ok    popcount 0
ok    popcount all
ok    popcount sparse
ok    ctz 1
ok    ctz high
ok    ctz zero is 64
---- Deque ----
ok    deque len after growth
ok    deque grew past its hint
ok    deque first
ok    deque last
ok    deque at
ok    deque pop_front
ok    deque pop
ok    deque push_front
ok    deque len after pops
ok    deque for-in order
ok    deque for-in == toArray
ok    deque survives repeated wrap
ok    deque still correct after wrap
ok    deque compact keeps contents
ok    deque compact order
ok    deque of strings
ok    deque clear
ok    deque of a user class
---- RingBuffer ----
ok    ring never exceeds capacity
ok    ring counts what it dropped
ok    ring keeps the newest
ok    ring first is oldest
ok    ring last is newest
ok    ring is full
ok    ring pop takes the oldest
ok    ring len after pop
---- Heap ----
ok    heap peek is the min
ok    heap drains in order
ok    heap is empty after drain
ok    heapify then drain, max order
ok    push_pop returns v when v is smallest
ok    push_pop otherwise returns the top
ok    push_pop leaves the heap sound
ok    replace_top returns the old min
ok    replace_top re-sifts
ok    float heap orders correctly
ok    heap of a user class, by cmp
---- HashMap ----
ok    hashmap grows
ok    hashmap get
ok    hashmap get_or on a miss
ok    hashmap has
ok    hashmap has on a miss
ok    put on an existing key returns false
ok    put overwrites
ok    overwrite does not change len
ok    hashmap len after 100 removals
ok    no surviving key was lost
ok    no removed key came back
ok    removing a missing key returns false
ok    keyList matches len
ok    valueList matches len
ok    hashmap clear
ok    hashmap clear really removes
ok    string keys
ok    string key removed
ok    neighbours survive
ok    user-class key looked up by value
ok    all-collide table holds everything
ok    all-collide lookup
ok    all-collide after removals
ok    all-collide survivors intact
---- HashSet ----
ok    add returns true when new
ok    add returns false when present
ok    contains
ok    set len
ok    set len after removals
ok    set membership exact after churn
ok    intersection size
ok    union size
ok    difference size
---- BitSet ----
ok    bitset count
ok    bitset test set
ok    bitset test clear
ok    bitset toArray
ok    next_set from 1
ok    next_set past the end
ok    next_clear
ok    bitset count after clear
ok    flip sets
ok    flip clears
ok    set_all counts exactly nbits
ok    set_all last bit
ok    clear_all empties
ok    intersects
ok    and
ok    or
ok    andnot
ok    xor
ok    clone is independent
ok    odd-size set_all
ok    odd-size next_set past end
---- LRU ----
ok    lru len
ok    lru get
ok    lru evicted the least recently used
ok    lru kept the touched entry
ok    lru kept the untouched newer entries
ok    lru recency order
ok    lru counted the eviction
ok    lru never exceeds capacity
ok    peek reads
ok    peek and has leave recency alone
ok    lru remove
ok    lru removed key is gone
ok    lru reuses the freed slot without evicting
ok    lru stays at capacity under churn
ok    lru eviction count
ok    lru holds the most recent
ok    lru dropped the oldest
ok    every key in the recency list is present
ok    lru clear
---- Slab ----
ok    slab len
ok    slab get
ok    slab handles are never 0
ok    slab handles are distinct
ok    slab alive
ok    free returns true
ok    double free is detected, not silent
ok    freed handle is dead
ok    slab len after free
ok    reused slot yields a new handle
ok    stale handle stays dead after reuse
ok    new handle reads the new value
ok    get_or on a stale handle
ok    slab len after reuse
ok    slab set
ok    handles() length
ok    values() length
ok    handle graph holds
ok    handle graph walks
ok    slab clear
ok    handles before a clear stay dead
ok    allocation works after clear
ok    and the old handle still does not
ok    no stale handle revives across 50 reuses
ok    slab empty after churn
ok    slab reused its slots rather than growing
