basic=2: [a][b][c] [1][2][3]
noeol=1: [a][b][c]
onefield=1: [a]
onerow=1: [a][b]
empty=0:
onlynewline=0:
onlynewlines=0:
emptyfields=1: [a][][c]
allempty=1: [][][]
trailingdelim=1: [a][b][]
leadingdelim=1: [][a][b]
blankskipped=2: [a] [b]
ragged=3: [a][b][c] [1][2] [3][4][5][6]
lf=2: [a] [b]
crlf=2: [a] [b]
mixed=3: [a] [b] [c]
crlf.noeol=2: [a][b] [1][2]
blank.crlf=2: [a] [b]
q.simple=1: [a][b]
q.delim=1: [a][x,y][c]
q.doubled=1: [say "hi"]
q.onlyquotes=1: ["]
q.emptyquoted=1: [][b]
q.newline=1: [a][one\ntwo][c]
q.crlfinside=1: [a][one\r\ntwo]
q.multiline.multi=1: [a\nb][c\nd]
q.leadingspace=1: [a][ "quoted"]
q.tailafter=1: [a][qtail][c]
q.strayinbare=1: [a][b"c][d]
q.quotedthenrow=2: [a] [b]
bad.unterminated=1: [a][never closed\n]
bad.err=[unterminated quoted field at line 1] ok=false
good.err=[] ok=true
bad.sticky=[unterminated quoted field at line 1]
pull.line1=2:[id][name]
pull.line2=2:[1][Ada]
pull.line3=2:[2][Grace\nHopper]
pull.line5=2:[3][Alan]
field.oob=[] neg=[]
exhausted=false/false
rows.independent=[a][b]
d.tsv=2: [a][b] [1][2]
d.semi=2: [a][b] [1][2]
d.pipe=2: [a][b] [1][2]
d.tsv.comma=1: [a,b][c]
d.tsv.quoted=1: [a][x	y]
d.comment=2: [a][b] [1][2]
d.comment.only=0:
d.comment.mid=1: [a][b]
d.comment.inline=1: [a][#b]
d.trim=1: [a][b]
d.trim.quoted=1: [  keep  ][b]
d.trim.empty=1: [][]
d.notrim=1: [  a  ][  b  ]
d.custom=1: [a][x:y][c]
sniff.comma=44
sniff.tab=9
sniff.semi=59
sniff.pipe=124
sniff.quoted=59
sniff.none=44
sniff.empty=44
sniff.single=44
f.plain=abc
f.empty=[]
f.comma="a,b"
f.quote="a""b"
f.bothquotes="""a"""
f.newline="a\nb"
f.cr="a\rb"
f.space= a 
f.tab.comma=a	b
f.tab.tsv="a\tb"
f.space.trim=" a "
w.rows=a,b\n1,"x,y"\n
w.empty=[]
w.emptyrow=[\n]
w.crlf=a,b\r\n
w.tsv=a\tb\n
w.built=x,42,"a,b"\ny,-7\n
w.len=16
w.writeRow=a\tb\nc\td\n
w.writeRows=1,2\n3,4\n
round.mem=4: [plain][with,comma] [with"quote][with\nnewline] [][ padded ] [tab	here][trailing,]
round.tsv=4: [plain][with,comma] [with"quote][with\nnewline] [][ padded ] [tab	here][trailing,]
file.write=true
file.read=4: [plain][with,comma] [with"quote][with\nnewline] [][ padded ] [tab	here][trailing,]
file.each=true
file.counts=4/8
file.tsv.write=true
file.tsv.read=4: [plain][with,comma] [with"quote][with\nnewline] [][ padded ] [tab	here][trailing,]
file.missing=0
file.missing.each=false
file.badpath.write=false
file.empty.write=true
file.empty.read=0
