---- Trie ----
ok    trie len counts keys, not nodes
ok    trie has more nodes than keys
ok    trie get
ok    trie get on a prefix that is not a key
ok    trie get on an absent key
ok    trie has_key
ok    trie has_key is not has_prefix
ok    trie has_prefix
ok    trie has_prefix on a miss
ok    count_with_prefix
ok    count_with_prefix on the empty prefix
ok    keys_with_prefix
ok    all keys
ok    longest_prefix
ok    longest_prefix value
ok    longest_prefix stops at the last key
ok    longest_prefix with no match
ok    longest_prefix prefers the longer key
ok    longest_prefix value prefers the longer key
ok    put on an existing key returns false
ok    put overwrites the value
ok    overwrite does not change len
ok    remove returns true
ok    removed key is gone
ok    its extension survives
ok    its path is still walkable
ok    len after remove
ok    removing twice returns false
ok    empty-string key
ok    longest_prefix finds the empty key
ok    utf-8 key
ok    utf-8 value
ok    trie clear
ok    trie clear removes keys
---- Dsu ----
ok    dsu starts fully split
ok    union returns true on a real merge
ok    dsu groups after merges
ok    dsu same, transitively
ok    dsu not same
ok    union of an existing pair returns false
ok    a no-op union does not change the count
ok    dsu labels
ok    size at a representative
ok    size at a non-representative is zero
ok    a full chain is one group
ok    ends of the chain are joined
ok    dsu reset
---- Fenwick ----
ok    fenwick total
ok    fenwick prefix
ok    fenwick prefix(0) is zero
ok    fenwick prefix past the end clamps
ok    fenwick range
ok    fenwick empty range
ok    fenwick at
ok    fenwick after add, total
ok    fenwick after add, element
ok    fenwick set
ok    fenwick total after set
ok    build equals repeated add
ok    lower_bound exact
ok    lower_bound mid
ok    lower_bound of zero
ok    lower_bound past the total
ok    fenwick clear
ok    float fenwick total
ok    float fenwick range
---- SegTree ----
ok    segtree min over all
ok    segtree min over a prefix
ok    segtree min over a suffix
ok    segtree single element
ok    segtree empty range is the identity
ok    segtree after set, min
ok    segtree after set, at
ok    segtree sum total
ok    segtree sum range
ok    segtree update folds in
ok    segtree max
ok    segtree max on a sub-range
ok    segtree or
ok    segtree or on a sub-range
ok    non-commutative combine keeps order
ok    non-commutative combine, whole range
---- Bloom ----
ok    bloom counts what went in
ok    bloom never gives a false negative
ok    bloom false positives are near the target rate
ok    bloom is not saturated
ok    bloom sized itself for the request
ok    union keeps the original members
ok    union adds the other's members
ok    bloom clear
ok    bloom clear empties the bits
---- SkipList ----
ok    skiplist rejects a duplicate
ok    skiplist len
ok    skiplist is ordered
ok    skiplist first
ok    skiplist last
ok    skiplist contains
ok    skiplist does not contain
ok    skiplist at
ok    skiplist rank
ok    skiplist rank of an absent value
ok    skiplist range
ok    skiplist range that matches nothing
ok    skiplist for-in == toArray
ok    skiplist remove returns true
ok    skiplist after remove
ok    removing twice returns false
ok    skiplist holds 300 distinct
ok    300 elements come out sorted
ok    skiplist after 150 removals
ok    every survivor is still findable
ok    skiplist clear
---- SkipMap ----
ok    skipmap len
ok    skipmap get
ok    skipmap get_or on a miss
ok    skipmap has
ok    skipmap has on a miss
ok    skipmap keys come out sorted
ok    skipmap values follow key order
ok    ceiling between keys
ok    ceiling on an exact key is itself
ok    ceiling below everything is the first
ok    ceiling above everything is the default
ok    floor between keys
ok    floor on an exact key is itself
ok    floor below everything is the default
ok    floor above everything is the last
ok    ceiling_value
ok    floor_value
ok    floor_value below everything
ok    skipmap first_key
ok    skipmap last_key
ok    skipmap first_value
ok    skipmap last_value
ok    range_keys is half-open
ok    range_values matches
ok    range that matches nothing
ok    skipmap rank
ok    skipmap key_at
ok    skipmap value_at
ok    put on an existing key returns false
ok    put overwrites the value
ok    overwrite does not change len
ok    overwrite does not disturb order
ok    skipmap remove returns true
ok    skipmap len after remove
ok    removed key is gone
ok    order survives a removal
ok    ceiling skips the hole
ok    floor skips the hole
ok    removing twice returns false
ok    string keys sort
ok    string ceiling
ok    string floor
ok    string lookup
ok    cmp_str is a prefix-then-length order
ok    cmp_str equal
ok    skipmap holds 300 distinct keys
ok    300 keys come out sorted
ok    every key maps to its own value
ok    skipmap after 150 removals
ok    every survivor is still findable
ok    ceiling still works after churn
ok    skipmap clear
---- Graph ----
ok    graph vertex count
ok    graph edge count
ok    out degree
ok    out degree of a sink
ok    bfs hop counts, -1 unreachable
ok    dijkstra takes the cheaper two-hop path
ok    dijkstra direct edge
ok    dijkstra through the cheaper predecessor
ok    dijkstra further on
ok    dijkstra marks the unreachable
ok    topological order
ok    acyclic graph has no cycle
ok    weak components
ok    dfs visits every reachable vertex
ok    a cyclic graph yields an empty topo sort
ok    has_cycle
ok    add_edge2 adds both directions
ok    undirected components
ok    undirected reachability is symmetric
ok    clear_edges
ok    vertices survive clear_edges
---- IntervalTree ----
ok    interval len
ok    stab inside two ranges
ok    stab inside one range
ok    stab in the gap
ok    stab outside everything
ok    half-open: the end is excluded
ok    half-open: the start is included
ok    overlap spans several
ok    overlap touching only one
ok    overlap of an empty range
ok    count_at
ok    covers
ok    does not cover
ok    interval clear
ok    querying an empty tree
