---- basic ----
alpha
be
gamma
d
---- nested ----
be|d
d|be
---- break, continue, return ----
kept alpha
alpha
-
---- value elements, virtual at() ----
30
36
5
---- len() is re-read each iteration ----
2
10
20
5 5
---- empty container ----
false
---- generic container over a class ----
4
0
one
two
---- the loop variable is a copy of the reference ----
4
alpha
be
gamma
d
---- an expression, not just a variable ----
0
1
4
