newempty=true,0,0
parts=2,8
partlen=4,4
partstart=0,4
partouter=true,false
empty=false
altslen=true,0
gbbox=0,0,1,1
pbbox=25,75
partpt=1,1
alt3=100,2505,-30
alt3pt=2505
ragged=2
linelen=true
lineopen=true
linepart=true
linedegen=0,0
hemisphere=true
hemikm2=255032940
boxkm2=12364
boxrev=true
boxclosed=true
boxhigh=true
amarea=true
amkm2=12364
areadegen=0,0
areaflat=0
ccw=false
cw=true
cwdegen=false
inring=true
outring=false,false,false
ringdegen=false
concave=true,true,false
ingeom=true
inhole=false
outgeom=false
ingeomline=false
ingeompoint=false
geomarea=true
holefrac=true
geomlen=true
neverneg=0
simpline=2,0,4
simpspike=3,2
simpasc=true,true,true
simpoffset=2,1,3
simpshort=2,0,5
simpsame=2
gcoords=25,75
