merc00=0,0
mercsquare=true,true
mercedge=20037508
mercpole=true,true
mercround=true
mercsym=true
eq00=0
eqround=true
eqsquare=true
eqstd=true,true
eqstdround=true
eqstdpole=0
ortho0=0,0
orthovis=true,false,false
orthorim=true
orthodisc=true
orthonorth=true
orthoround=true
orthoround2=true
orthooutside=true,90
gnom0=0
gnomvis=true,true,false
gnomhorizon=0
gnomround=true
gnomequator=0,0
gnommeridian=0,0
gnomgreatcircle=true
gnomnotline=true
names=mercator,equirectangular,orthographic,gnomonic
dispatch=true,true
dispatchround=true
vis=true,true,false,false
base=identity,4,3
spinbefore=false
spinafter=true
tilesize=256
across=1,2,4096,1
worldsize=256,1024
mpp0=156543034
mpp=true
mpplat=true
mppclamp=true
zoomres=true
wpx0=128,128
wpxnw=0,0
wpxround=true
wpxunwrapped=true
ggtile=654,1582,12
ggkey=12/654/1582
z0tile=0/0/0
negtile=-1,0
nwbounds=true,true
adjacent=true
adjacentY=true
centreself=true
z0bounds=-180,180,85051,-85051
wrap=15,0,0,15
wrapfar=15,1
wrapz0=0
yvalid=true,true,false,false
range=7,7,8,8
rangesize=2,2,4
rangehas=true,false,false
rangeworld=16
rangewrap=true,true
rangewrapx=0
rangepolar=true,true
fit=1000
fitworld=0
fitfrac=true
fitaxis=true
fitpoint=22
fitempty=0
fitwrap=true
parent=11/327/791
parentz0=0/0/0
children=12/654/1582 12/655/1582 12/654/1583 12/655/1583
pyramid=true
childnw=true
