pt=1,0,1
ptxy=15,25
ptalt=30025
ptname=somewhere
pt2d=0,true
multipt=3,3
line=1,1,3
multiline=2,2,3
mlouter=true,true
poly=2,2
polyouter=true,false
polyhit=true,false,false
multipoly=2
multipolyouter=true,true
multipolyhit=true,true,false
mphflags=true,false,true
mphhit=false,true
fc=2
fcid=a1,true
fcname=first,second
fcprops=7,true,true
fcmissing=true,false,true
fcbbox=-10,-10,10,10
bare=1,1,2
gc=2,0,1
gcprops=both,both
skipnested=true,false,false
bad=0,0,0,0,0
bad2=0,0,0,0
partial=1,ok
emptybbox=true
fromtree=1,7
justgeom=true,2
justgeombad=true
plcount=3,1,1
pl0=-12020000,3850000
pl1=-12095000,4070000
pl2=-12645300,4325200
plalt=true,0
plre=true
plround5=true,3
plround6=true,true
plwrongprec=true
plzigzag=4,-100000,100000
plrange=true,true
plpart=true
plempty=0,true,true
plone=1,100000,200000
pltruncated=0
