wgs84a=6378137
wgs84b=6356752314
wgs84e2=6694379990
wgs84mean=6371008771
wgs84sphere=false
unitsphere=true,1,1
unite2=0
mars=3389500
earthsphere=63710088
nlon190=-170
nlon-190=170
nlon180=-180
nlon-180=-180
nlon720=5
nbear=270,90
dlon=2,-2
dlon180=-180
clampmerc=85051129
clampmercneg=-85051129
clampmercid=true
clamplat=90,-90
maxmerc=85051129
sfny=4129092
sfnybear=69908
sfnyfinal=101670
distsym=true
distself=0
roundtrip=true
quarter=true
antipodal=true
pole2pole=true
unitdist=true
onedeg=111195
antimerid=true
equirect=true
equirectself=0
east90=true
north=true
pole=true
mid=true
midam=180000
lerp0=true
lerp1=true
lerpsame=true
span=20,10
center=0,0
sw=-10,-5
ne=10,5
empty=false,true
world=360,180
in=true,false,false
edge=true,true
inpt=true
emptyhas=false
contains=true,false
isect=true,false,false
union=-10,-5,30,20
unionid=-10,10
grow=-11,6
growclamp=-90,90
wraps=true,false
wrapspan=20
wrapcenter=-180
wrapin=true,true,false
wrapisect=true,false
wrapcontains=true,false
ofcoords=-3,-2,7,9
ofcoords1=7,-2
ofcoords0=true
