uv00=true
uv90=true
uvpole=true
uvspole=true
uvlen=true
normal=true
uvround=true
uvscale=true
uvzero=0
ecefeq=6378137000,0,0
ecefpole=0,6356752314
ecefpoleb=true
ecef90=0,6378137000
ecefalt=1000000
ecefround=true
ecefbranch=true
ecefleo=true
ecefsat=true
ecefdeep=true
ecefaxis=0,90,100
ecefaxisS=-90,100
ecefsphere=true
enu00=true,true,true
enuorth=true
enuunit=true
enuhand=true
enuup=true
enuoffset=true
enueast=true
enuchord=78
slerp0=true
slerp1=true
slerpmid=true
slerpunit=true
slerpscale=true
slerpsame=true
slerpanti=true
slerpext=true
slerpgeo=true
raycentre=true
rayaway=-1
raymiss=-1
raytangent=true
rayinside=true
rayzero=-1
rayscale=true
rayellpole=true
rayelleq=true
rayellmiss=-1
rayellsphere=true
globeclick=true
gcmax=192
gcround=true
gcfixed=0,90,-90
gcsphere=true
gcvector=true
