ident=0,0,0,1
identrot=true
identmat=true
identangle=0
identlen=1000
axunit=true
axaxis=true
axangle=1571 vs 1571
axunnorm=true
axzero=true
rotx=true
roty=true
rotz=true
rotaxis=true
rotvec=true
rot90=0,0,-1000
mulorder=true
mulsteps=true
mulnoncomm=true
conjundo=true
invunit=true
invmul=true
invnonunit=true
invzero=true
normzero=true
fm4trace=true
fm4x=true
fm4y=true
fm4z=true
fm4finite=true
lookid=true
lookfwd=true
lookview=true
lookinv=true
looknotview=true
lookpar=true
slerp0=true
slerp1=true
slerpmid=785 vs 785
slerprate=393,785,1178
slerpunit=true
slerpshort=true
slerpwide=true
slerpsame=true
nlerp0=true
nlerp1=true
nlerpunit=true
nlerpshort=true
nlerpmid=true
nlerpeased=true
euler=true
eulerunit=true
eulerzero=true
euleryaw=true
eulerpitch=true
eulerroll=true
negsame=true
negdiffers=true
negrot=true
