v2len=5
v2dot=10
v2perp=-4,3
v2norm=true
v2zeronorm=0
v3len=3
v3len2=9
v3dot=6
v3add=2
v3sub=1
v3scale=6
v3neg=-1
v3dist=5
v3lerp=10
v3norm=true
v3zeronorm=0
v3xy=1,2
cross=0,0,1
crossPerp=true
crossAnti=-1
crossSelf=0
v4len2=25
v4dot=9
v4add=5
v4sub=0
v4scale=8
v4neg=-2
v4lerp=2
v4norm=true
v4zeronorm=0
homog=1,2,3,1
xyz=1,2,2
homogW0=1,0
