ident=1,1,1,1,0
identpt=true
identmul=true
zero=0,0
rows=1,2,4
row1=5,8
col1=2,14
fromcols=true
toarray=2,5
arraylen=16,16
translcol=10,20,30
translrow=0,0,1
translpt=true
transldir=true
scalept=true
scaledir=true
scaleuniform=true
rotz=true
rotx=true
roty=true
rotfull=true
rotlen=true
rotaxisz=true
rotaxisx=true
rotaxisy=true
rotaxisscale=true
rotaxiszero=true
rotaxisfixed=true
ordermatters=true
composeorder=true
composeorder2=true
composept=true
mulident=true,true
assoc=true
transpose2=true
transposeident=true
transposemul=true
detident=1
detscale=24
detrot=true
dettransl=true
detzero=0
invtransl=true
invscale=true
invrot=true
invcompose=true
invboth=true
invgeneral=true
invrotisT=true
invtranslneg=true
singular=false,true
singularinv=true
singularscale=false
perpbefore=true
naivebroken=true
normalmat=true
normalrigid=true
mulvec4=11,1
mulvec4dir=1
perspw=-1,0
perspnear=true
perspfar=true
perspfov=true
perspaspect=true
perspshrink=true
perspinv=true
orthox=true
orthoy=true
orthonear=true
orthofar=true
orthocentre=true
orthonoshrink=true
orthoinv=true
orthow=1,0
lookeye=true
looktarget=true
lookright=true
lookup=true
lookrigid=true
lookinv=true
looksloppy=true,true
lookdegen=true,true
mvp=true
mvpsteps=true
mvpunproject=true
approx=true,false
approxeps=true,false
