---- FNV-1a 32 ----
ok    fnv32 empty
ok    fnv32 a
ok    fnv32 abc
ok    fnv32 foobar
ok    fnv32 digest
ok    fnv32 alpha
ok    fnv32 bytes==str
---- FNV-1a 64 ----
ok    fnv64 empty
ok    fnv64 a
ok    fnv64 abc
ok    fnv64 foobar
ok    fnv64 digest
ok    fnv64 alpha
ok    fnv64 bytes==str
---- xxHash64, seed 0 ----
ok    xxh64 empty
ok    xxh64 a
ok    xxh64 abc
ok    xxh64 digest
ok    xxh64 digits
ok    xxh64 alpha
ok    xxh64 fox
ok    xxh64 seq64
---- xxHash64, seed 0x9E3779B1 ----
ok    xxh64s empty
ok    xxh64s a
ok    xxh64s abc
ok    xxh64s fox
ok    xxh64s seq64
ok    xxh64 seed changes the hash
---- SipHash-2-4, paper vectors ----
ok    sip len 0
ok    sip len 1
ok    sip len 2
ok    sip len 3
ok    sip len 4
ok    sip len 5
ok    sip len 6
ok    sip len 7
ok    sip len 8
ok    sip len 9
ok    sip len 10
ok    sip len 11
ok    sip len 12
ok    sip len 13
ok    sip len 14
ok    sip len 15
ok    sip abc
ok    sip fox
ok    sip key changes the hash
---- CRC-32 ----
ok    crc32 empty
ok    crc32 a
ok    crc32 abc
ok    crc32 digest
ok    crc32 check
ok    crc32 alpha
ok    crc32 seq64
---- CRC-32C ----
ok    crc32c empty
ok    crc32c a
ok    crc32c abc
ok    crc32c check
ok    crc32c alpha
ok    crc32c seq64
---- Crc: the table agrees with the bitwise form ----
ok    Crc ieee check
ok    Crc c check
ok    Crc ieee seq64
ok    Crc c fox
ok    Crc streaming == one-shot
ok    Crc streaming empty
---- mix64 ----
ok    mix64 0
ok    mix64 1
ok    mix64 2
ok    mix64 dead
ok    mix64 max
---- table helpers ----
ok    hash_int non-negative
ok    hash_str non-negative
ok    hash_bytes non-negative
ok    hash_int is a function
ok    hash_str is a function
ok    hash_str agrees with hash_bytes
ok    hash_int scatters sequential ids
ok    hash_combine is order-dependent
ok    hash_combine non-negative
ok    hash_combine is a function
---- edge cases ----
ok    NUL is data, not a terminator
ok    xxh64 sees the NUL too
ok    length is mixed in (sip)
ok    length is mixed in (xxh)
ok    length is mixed in (crc)
ok    xxh64 deterministic for lengths 0..39
