e.empty=[]
e.plain=nothing special
e.amp=a &amp; b
e.lt=a &lt; b
e.gt=a &gt; b
e.all=&lt;a href="x"&gt;it's &amp; more&lt;/a&gt;
e.quotes="double" and 'single'
e.script=&lt;script&gt;alert('xss')&lt;/script&gt;
e.doubleesc=a &amp;amp; b
e.utf8=café ☕ &lt;x&gt;
e.runs=aaa&lt;bbb&gt;ccc&amp;ddd
a.empty=[]
a.plain=plain
a.double=say &quot;hi&quot;
a.single=don&#39;t
a.all=&lt;a&gt;&amp;&quot;&#39;
a.breakout=x&quot; onerror=&quot;alert(1)
u.none=no entities here
u.five=<>&"'
u.named=café 100° — …
u.symbols=©®™€£
u.arrows=←→↔
u.dec=Hi!
u.hex=Hi!
u.hexupper=H
u.astral=😀
u.unknown=&notanentity; stays
u.bare=a & b
u.nosemi=&amp no semicolon
u.empty=&;
u.zero=[ab]
u.toobig=&#x110000;
u.baddigits=&#12x;
u.long=&thisnameisfartoolongtobeanentity;
u.round=<a href="x">it's & more</a>
v.br=true BR=true
v.img=true div=false
v.input=true meta=true
v.raw=true/true/false
b.basic=<div class="a b" id="x"><p>hello &amp; goodbye</p></div>
b.ok=true depth=0
b.attrs=<a href="?x=1&amp;y=2" title="say &quot;hi&quot;">link</a>
b.attrint=<meter value="42" max="100"></meter>
b.flag=<input type="checkbox" checked>
b.void=<p>a<br>b<img src="x.png">c</p>
b.textint=<p>42 items</p>
b.raw=<div><b>trusted</b> &amp; escaped</div>
b.comment=<!--a note--><!--with - - inside-->
b.doctype=<!doctype html><html></html>
b.elem=<h1>Title &amp; more</h1><hr><p>body</p>
b.unclosed=<a><b><c>x depth=3
b.closeall=<a><b><c>x</c></b></a> depth=0
b.cap=<p>sized</p> len=12
b.empty=[]
x.closeempty=close() with no open element
x.overclose=close() with no open element
x.attroutside=attr('a') outside a tag
x.flagoutside=flag('checked') outside a tag
x.firstwins=close() with no open element
x.partial=<p></p>
t.tag=<h1>A &amp; B</h1>
t.void=<br>
t.empty=<p></p>
t.doc=<!doctype html><html lang="en"><head><meta charset="utf-8"><meta name="viewport" content="width=device-width, initial-scale=1"><title>A &amp; B</title></head><body><p>body</p></body></html>
t.docempty=<!doctype html><html lang="en"><head><meta charset="utf-8"><meta name="viewport" content="width=device-width, initial-scale=1"><title></title></head><body></body></html>
s.strip=Hello world
s.entities=a & b
s.notags=plain text
s.empty=[]
s.unclosed=[text]
s.attrs=link
s.adjacent=ab
