ok    decode available
ok    png dimensions
ok    png round trip
ok    top-left
ok    top-right
ok    bottom-left
ok    bottom-right
ok    bmp round trip
ok    bmp row order
ok    write
ok    file dimensions
ok    file pixel
ok    missing file
ok    garbage bytes
ok    empty bytes
ok    opaque pixel
ok    translucent pixel
