k.simple={"a":"1"}
k.noeol={"a":"1"}
k.several={"a":"1","b":"2"}
k.spaces={"a":"1"}
k.nospaces={"a":"1"}
k.empty={}
k.blanklines={"a":"1"}
k.emptyvalue={"a":""}
k.valuewithspaces={"a":"one two three"}
k.valuewitheq={"a":"x=y=z"}
k.dotinkey={"a.b":"1"}
k.dupe={"a":"2"}
sep.colon={"a":"1"}
sep.colonspaced={"a":"1"}
sep.firstwins.eq={"a":"x:y"}
sep.firstwins.colon={"a":"x=y"}
c.semi={"a":"1"}
c.hash={"a":"1"}
c.inline.semi={"a":"1"}
c.inline.hash={"a":"1"}
c.inline.tab={"a":"1"}
c.nospace={"a":"x#y"}
c.nospace.semi={"a":"x;y"}
c.onlycomments={}
c.afterheader={"s":{"a":"1"}}
s.simple={"s":{"a":"1"}}
s.rootfirst={"top":"0","s":{"a":"1"}}
s.two={"a":{"x":"1"},"b":{"y":"2"}}
s.empty={"s":{}}
s.spaces={"s":{"a":"1"}}
s.reopen={"s":{"a":"1","b":"2"},"t":{"x":"0"}}
s.dotsflat={"a.b":{"x":"1"}}
s.spacesinname={"my section":{"x":"1"}}
s.bracketinname={"a[b]":{"x":"1"}}
n.simple={"a":{"b":{"x":"1"}}}
n.siblings={"a":{"b":{"x":"1"},"c":{"y":"2"}}}
n.deep={"a":{"b":{"c":{"d":{"x":"1"}}}}}
n.plain={"a":{"x":"1"}}
n.mixed={"a":{"x":"1","b":{"y":"2"}}}
n.emptyparts={"a":{"b":{"x":"1"}}}
q.double={"a":"  padded  "}
q.single={"a":"  padded  "}
q.inner={"a":"say \\\"hi\\\""}
q.unbalanced={"a":"\"open"}
q.mismatched={"a":"\"x'"}
q.onlyquotes={"a":""}
q.oneChar={"a":"\""}
q.notwrapping={"a":"say \"hi\" there"}
le.crlf={"a":"1","s":{"b":"2"}}
le.mixed={"a":"1","b":"2"}
e.notapair=ERR(line is not a key/value pair at line 1)
e.notapair.late=ERR(line is not a key/value pair at line 3)
e.openheader=ERR(unterminated section header at line 1)
e.emptyheader=ERR(empty section name at line 1)
e.emptyheader.spaces=ERR(empty section name at line 1)
e.emptykey=ERR(empty key at line 1)
e.emptykey.colon=ERR(empty key at line 1)
e.collision=ERR(section 'a' collides with a key at line 2)

--- encoded ---
name = app
debug = false

[server]
host = localhost
port = 8080
motd = "  padded  "

--- ---
enc.stable=true
enc.scalars=n = 42\nb = true\n
enc.empty=[]
enc.sectiononly=[s]\nx = 1\n
enc.emptysection=[s]\n
round.text=top = 0\n\n[a]\nx = 1\n\n[b]\ny = 2\n
round.stable=true
