sum=40
mean=50
variance=40
stddev=200
varianceSample=4571
stddevSample=true
min=2
max=9
range=7
median=45
p25=40
mode=4
sorted=2,5,9
covariance_positive=true
correlation_self=true
zscore_at_mean=true
cumsum=1,3,6
normalize=0,5,10
normalize_constant=0,0,0
summarize_n=8 mean=50 min=2 max=9 var=40 std=200
sumInt=31
meanInt=31
minInt=1
maxInt=9
toFloatArray=8,31
