id_trace=3
id_det=1
diag_inv00=true
diag_inv11=true
diag_inv22=true
diag_mul_inv_is_identity=true
g_mul_ginv_is_identity=true
ginv_mul_g_is_identity=true
solve_x=true
solve_y=true
sing_det=0
transpose=1
trace=5
add_doubles=4
sub_self_is_zero=0
scale=9
vdot=32
vnorm=5
vnormalized_is_unit=true
vadd=4,6
vsub=3,4
vscale=2,4,6
zeros_shape=2x3
