b64.empty=[]
b64.f=Zg==
b64.fo=Zm8=
b64.foo=Zm9v
b64.foob=Zm9vYg==
b64.fooba=Zm9vYmE=
b64.foobar=Zm9vYmFy
dec.empty=[]
dec.f=f
dec.fo=fo
dec.foobar=foobar
dec.nopad=foobar/fo
dec.wrapped=foobar
dec.spaces=foo
dec.junk=foobar
dec.partial=foo
alpha.std=+/++
alpha.url=-_--
alpha.stdback=fbffbe
alpha.urlback=fbffbe
alpha.nul=QQBC/410042
qp.plain=hello
qp.equals=a=3Db
qp.utf8=caf=C3=A9
qp.trailspace=a=20
qp.midspace=a b
qp.tab=a	b
qp.crlf=[a\r\nb]
qp.dec.hex=café
qp.dec.eq=a=b
qp.dec.softcrlf=onetwo
qp.dec.softlf=onetwo
qp.dec.badesc=a=zz
qp.dec.trailing=ab=
qp.round=Grüße = 100% 
qp.wrapped.len=206
qp.wrapped.round=true
mt.simple=text/plain params=0 err=[]
mt.spaced=text/html cs=utf-8
mt.quoted=a;b=c other=x
mt.escaped=utf"8
mt.flagparam=true val=[]
mt.case=true/true
mt.missing=[] has=false
mt.err.empty=[empty media type]
mt.err.noslash=[media type has no '/'] type=nonsense
mt.err.spaces=[empty media type]
mt.built=application/json; charset=utf-8
mt.replaced=application/json; charset=ascii
mt.needsquote=application/json; charset=ascii; name="a b;c"
mt.reparse=a b;c
ext.dot=image/png
ext.nodot=image/png
ext.upper=image/png
ext.unknown=application/octet-stream
ext.empty=application/octet-stream
path.simple=text/html; charset=utf-8
path.dirs=text/javascript; charset=utf-8
path.double=application/gzip
path.noext=application/octet-stream
path.dotfile=application/octet-stream
path.dotdir=application/octet-stream
path.winsep=text/plain; charset=utf-8
mp.ct=multipart/form-data; boundary=BOUND123
mp.boundary=BOUND123
mp.idempotent=true
mp.n=4
mp.0.name=who file=[] ct=[] isFile=false headers=1 body=[ada]
mp.1.name=empty file=[] ct=[] isFile=false headers=1 body=[]
mp.2.name=f file=[notes.txt] ct=[text/plain; charset=utf-8] isFile=true headers=2 body=[alpha\nbeta]
mp.3.name=g file=[blob.bin] ct=[application/octet-stream] isFile=true headers=2 body=[raw]
mp.nomatch=0
mp.noboundary=0
mp.emptybody=0
mp.headless=1 body=[just text]
