---- open ----
ok    mmap_file returns a Mapping
ok    size
ok    read-only by default
ok    source
ok    not empty
ok    file_size agrees
ok    page size is positive
ok    granularity is at least the page size
---- the view is an ordinary byte[] ----
ok    view length
ok    first byte
ok    newline where expected
ok    readText over the view
ok    readText mid-file
ok    findByte
ok    findByte from an offset
ok    findByte with no match
ok    contains
ok    for-in visits every byte
ok    for-in checksum
ok    slice of a view is an owned copy
ok    slice contents
ok    line count
ok    second line starts at
ok    third line starts at
---- sub-views ----
ok    sub-view length
ok    sub-view contents
ok    zero-length sub-view
---- owned copies ----
ok    copy length
ok    copyRange
ok    text
ok    a copy can grow
ok    extend from a view
---- the view outlives the Mapping ----
ok    escaped view still has its length
ok    escaped view still reads correctly
ok    escaped view checksum matches
---- advice ----
ok    SEQUENTIAL
ok    WILLNEED
ok    DONTNEED
---- edge cases ----
ok    a missing file maps to null
ok    an empty file still maps
ok    empty size
ok    empty view
ok    is_empty
ok    empty copy
ok    empty text
---- windowed mapping ----
ok    mmap_at maps
ok    window size
ok    window contents
ok    len 0 means to the end
ok    a window past the end is refused
---- read/write ----
ok    rw mapping is writable
ok    flush succeeds
ok    the write reached the file
ok    fill flush
ok    fill reached the file
---- anonymous ----
ok    anon maps
ok    anon size
ok    anon is writable
ok    anon starts zeroed
ok    anon is zeroed throughout
ok    anon write is visible through a fresh view
ok    anon flush is a no-op that succeeds
ok    anon rejects a zero size
---- scoped read ----
ok    mmap_read ran
ok    mmap_read saw the bytes
ok    mmap_read on a missing file returns false
---- decoders ----
ok    readU8
ok    readI8 negative
ok    readU16LE
ok    readU16BE
ok    readI16LE negative
ok    readU32LE
ok    readU32BE
ok    readI32LE
ok    readI64LE
ok    readI64BE
ok    readF64LE 1.0
ok    readF64LE of the smallest subnormal is not zero
ok    readF64LE of the smallest subnormal is 2^-1074
ok    readF64LE of genuinely zero bits is 0.0
ok    readF64LE -1.5
ok    readF64LE 2.0
ok    readF64BE 2.0
ok    decode straight off a mapping
