---- compile: soft failures ----
unclosed paren: valid=false offset=9 hasMessage=true
bad quantifier: valid=false offset=5
bad class:      valid=false offset=3
good pattern:   valid=true offset=-1 error=true
---- groups ----
groupCount=3
match=[9,24]=bob@example.com groupCount=3
groups=4 g1=bob g2=example g3=com
offsets g1=[9,12]
out of range: group(9)='' hasGroup(9)=false groupStart(9)=-1
---- unset optional groups ----
(a)?(b) on 'b': hasGroup(1)=false group(1)='' start(1)=-1
                hasGroup(2)=true group(2)=b
---- named groups ----
names=2 [host,user]
named user=bob host=example.com
hasNamed(user)=true hasNamed(nope)=false named(nope)=''
namedGroups: has user=true host=example.com
unset named: hasNamed(a)=false namedGroups has a=false
---- no match is soft ----
matched=false code=1 (RX_NO_MATCH=1) text=''
test=false / true
---- findFrom ----
find=[0,1]=a findFrom(1)=[2,3]=a
findFrom past end=<code 1>
---- findAll ----
count=3 [0]=one [2]=three
---- findAll with a zero-width pattern ----
a* on 'bab': 4 matches: [0,0]= [1,2]=a [2,2]= [3,3]= 
---- findAll advances by character, not byte ----
empty on 'héllo': 6 (5 chars + end)
utf8 word='héllo' byteLen=6 end=6
---- embedded NUL survives ----
subject len=5 find 'b' at=2
pattern with NUL: valid=true matches=true
---- invalid UTF-8 is soft, RX_BYTES is the way out ----
utf mode: matched=false code=3 (RX_ERR_UTF=3)
RX_BYTES: matched=true text=A
---- flags ----
CASELESS: true / false
MULTILINE ^: 2 / no flag=false
DOTALL: true / false
EXTENDED: true
---- replace ----
replace    =<a> c@d
replaceAll =<a> <c>
named ref  =example.com/bob
literal $$ =$a
no match   =nothing here
unset empty=[]
---- replace needing grow-and-retry ----
len=400 head=0123456789
---- split ----
count=3 [a|b|c]
splitN(2)=2 [a|b,c,d]
whitespace=3 [a|c]
no match  =1 [abc]
empty subj=1
---- ReDoS is bounded, not hung ----
matched=false code=2 (RX_ERR_LIMIT=2) hasMessage=true
tight limits, easy pattern: [4,6]=42
restored:                   [4,6]=42
---- the cached path ----
cleared=0
rx_find=42 rx_test=true/false
rx_find no match: matched=false code=1
rx_find named=42
rx_replace_all=a-b-c
rx_split=3
cache=5
after 100 distinct patterns, cache=64 (64 slots)
cleared=0
---- build facts ----
jit_available is a bool: true
RX_OK=0 RX_NO_MATCH=1 RX_ERR_LIMIT=2 RX_ERR_UTF=3
