---- int subjects ----
ok    case by const
ok    multi-value arm, first
ok    multi-value arm, second
ok    default
ok    shared arm via the comma form
ok    every arm returns, no trailing return needed
ok    no default: falls through the switch
ok    no default: still matches
---- negative and boundary values ----
ok    negative case label
ok    zero case label
ok    sparse labels
---- string subjects ----
ok    string const case
ok    multi-value string arm
ok    later string arm
ok    string default
ok    default written first is still the fallback
ok    default written first does not shadow
ok    temporary subject stays live
ok    empty string case
---- break and continue ----
ok    break in an arm targets the while
ok    continue in an arm targets the while
ok    no sentinel: loop runs out
ok    break in a for-in arm
ok    no break taken
ok    break in a container for-in arm
ok    nested switch, break still finds the loop
ok    return from an arm with a live subject
ok    return from the default arm
---- scoping ----
ok    arms are separate scopes
---- inside a generic ----
ok    generic instance 1
ok    generic instance 2
ok    generic instance 3
ok    generic reuses an instance
---- integer widths ----
ok    u64 subject, zero
ok    u64 subject, default
ok    byte subject
ok    i32 subject
---- a switch is an ordinary statement ----
ok    switch nested in if in for
ok    nothing above threw
