k.string={"a":"x"}
k.int={"a":1}
k.float={"a":1.5}
k.bool={"a":true,"b":false}
k.spaces={"a":1}
k.noeol={"a":1}
k.empty={}
k.blanklines={"a":1}
k.bare={"a-b_c1":1}
k.quoted={"a b":1,"c.d":2,"":3}
k.multiple={"a":1,"b":2,"c":3}
c.line={"a":1}
c.trailing={"a":1}
c.only={}
c.inarray={"a":[1,2]}
c.hashinstring={"a":"x # y"}
t.simple={"s":{"a":1}}
t.nested={"a":{"b":{"c":{"x":1}}}}
t.several={"a":{"x":1},"b":{"y":2}}
t.reopen.sub={"a":{"x":1,"b":{"y":2}}}
t.implicit={"a":{"b":{"x":1}}}
t.rootfirst={"top":0,"s":{"a":1}}
t.empty={"s":{}}
t.spacedname={"a":{"b":{"x":1}}}
t.quotedname={"a b":{"x":1}}
dk.simple={"a":{"b":1}}
dk.deep={"a":{"b":{"c":{"d":1}}}}
dk.siblings={"a":{"b":1,"c":2}}
dk.intable={"t":{"a":{"b":1}}}
dk.quoted={"a b":{"c":1}}
aot.two={"f":[{"n":1},{"n":2}]}
aot.one={"f":[{"n":1}]}
aot.empty={"f":[{}]}
aot.sub={"f":[{"n":1,"s":{"x":2}},{"n":3}]}
aot.nested={"a":{"b":[{"x":1}]}}
a.ints={"a":[1,2,3]}
a.empty={"a":[]}
a.trailingcomma={"a":[1,2]}
a.multiline={"a":[1,2]}
a.nested={"a":[[1,2],[3]]}
a.mixed={"a":[1,"x",true]}
a.oftables={"a":[{"x":1},{"x":2}]}
a.spaces={"a":[1,2]}
it.simple={"a":{"x":1,"y":2}}
it.empty={"a":{}}
it.nested={"a":{"p":{"q":1}}}
it.dotted={"a":{"p":{"q":1}}}
it.spaces={"a":{"x":1}}
s.basic={"a":"plain"}
s.escapes={"a":"q\"b\\s\tt\nn\rr\ff\bb"}
s.unicode4={"a":"é"}
s.unicode8={"a":"😀"}
s.literal={"a":"no \\escapes here"}
s.literal.quote={"a":"say \"hi\""}
s.empty={"a":"","b":""}
s.ml={"a":"line1\nline2"}
s.ml.nolead={"a":"first"}
s.ml.fold={"a":"one two"}
s.ml.quotes={"a":"say \""}
s.ml.literal={"a":"raw \\n here"}
s.utf8={"a":"café ☕"}
i.plain={"a":42}
i.zero={"a":0}
i.signed={"a":-17,"b":7}
i.underscores={"a":1000000}
i.hex={"a":3735928559}
i.oct={"a":493}
i.bin={"a":11}
i.hexunder={"a":3735928559}
f.plain={"a":1.5}
f.exp={"a":1000,"b":1000,"c":6.02e+23}
f.negexp={"a":-0.0025}
f.zero={"a":0}
f.underscores={"a":10.5}
f.inf={"a":inf,"b":inf,"c":-inf}
f.nan=true
f.nan.signed=true
d.offset={"a":"1979-05-27T07:32:00Z"}
d.offsetnum={"a":"1979-05-27T00:32:00-07:00"}
d.local={"a":"1979-05-27T07:32:00"}
d.space={"a":"1979-05-27 07:32:00"}
d.dateonly={"a":"1979-05-27"}
d.timeonly={"a":"07:32:00"}
d.fraction={"a":"1979-05-27T00:32:00.999999Z"}
d.inarray={"a":["1979-05-27","1980-01-01"]}
e.dupkey=ERR(duplicate key 'a' at line 2)
e.duptable=ERR(table [a] defined twice at line 2)
e.dupdotted=ERR(duplicate key 'a.b' at line 2)
e.noeq=ERR(expected '=' after key 'a' at line 1)
e.noval=ERR(expected a value at line 1)
e.nokey=ERR(expected a key at line 1)
e.leadingzero=ERR(invalid value '01' at line 1)
e.doubleunder=ERR(invalid value '1__0' at line 1)
e.trailingunder=ERR(invalid value '1_' at line 1)
e.leadingunder=ERR(invalid value '_1' at line 1)
e.openstring=ERR(unterminated string at line 1)
e.openliteral=ERR(unterminated literal string at line 1)
e.openml=ERR(unterminated multi-line string at line 2)
e.openarray=ERR(unterminated array at line 2)
e.openinline=ERR(expected ',' or '}' in inline table at line 1)
e.opentable=ERR(expected ']' after table name at line 1)
e.emptytable=ERR(expected a key at line 1)
e.junkafter=ERR(unexpected text after value at line 1)
e.notatable=ERR(key 'a' is not a table at line 2)
e.aotvstable=ERR('a' is a table, not an array of tables at line 3)
e.badescape=ERR(unknown escape '\q' at line 1)
e.badunicode=ERR(bad unicode escape at line 1)
e.shortunicode=ERR(bad unicode escape at line 1)
e.dupinline=ERR(duplicate key 'x' in inline table at line 1)
e.inlinenocomma=ERR(expected ',' or '}' in inline table at line 1)
e.arraynocomma=ERR(expected ',' or ']' in array at line 1)
e.garbage=ERR(invalid value '@@@' at line 1)
e.line4=ERR(invalid value '01' at line 4)

--- encoded ---
title = "x"
n = 42
f = 1.5
ok = false
list = [1, 2]
empty = []
nested = [[1], [2]]

[srv]
host = "h"

[srv.tls]
on = true

[[item]]
id = 1

[[item]]
id = 2

--- ---
enc.stable=true
enc.keys="a b" = 1\n"c.d" = "has \"quotes\" and \\ and \n"\n
enc.keys.stable=true
enc.ints=a = 8080\nb = 8080\nc = -3\n
enc.inf=a = inf\nb = -inf\nc = nan\n
enc.empty=[]
enc.inlineinarray=\n[[a]]\nx = 1\n
deep.ok=true
