full=https|ada|pw|example.com|8443|/a/b.html|x=1|top|auth=true
plain=http|||example.com|0|/|||auth=true
noslash=http|||example.com|0||||auth=true
useronly=http|ada||example.com|0|/|||auth=true
atinpass=http|ada|p@ss|example.com|0|/|||auth=true
query=http|||example.com|0|/|a=1&b=2||auth=true
frag=http|||example.com|0|/p||sec|auth=true
queryfrag=http|||example.com|0|/p|a=1|sec|auth=true
fragfirst=http|||example.com|0|/p||sec?notquery|auth=true
emptypath=http|||example.com|0||a=1||auth=true
upper=http|||example.com|0|/Path|||auth=true
ipv6=http|||2001:db8::1|8080|/h|||auth=true
ipv6nop=http|||::1|0|/h|||auth=true
emptyport=http|||example.com|0|/p|||auth=true
port0=http|||example.com|0|/p|||auth=true
maxport=http|||example.com|65535|/p|||auth=true
relative=||||0|a/b.html|||auth=false
absolute=||||0|/a/b.html|||auth=false
protorel=|||cdn.example.com|0|/s.js|||auth=true
colonseg=example.com||||0|8080|||auth=false
mailto=mailto||||0|ada@example.com|||auth=false
filepath=file||||0|/etc/hosts|||auth=true
dataish=urn||||0|isbn:0451450523|||auth=false
plusscheme=coap+tcp|||h|0|/p|||auth=true
digitstart=||||0|1http://h/p|||auth=false
ok=[]
empty=[empty url]
bigport=[invalid port]
alphaport=[invalid port]
longport=[invalid port]
openv6=[unterminated IPv6 literal in authority]
v6trail=[trailing text after IPv6 literal]
valid.good=true
valid.bad=false
eff.http=80
eff.https=443
eff.stated=9000
eff.unknown=0
dflt.ws=80
dflt.wss=443
dflt.ftp=21
dflt.none=0
round.full=https://ada:pw@example.com:8443/a?x=1#t
round.v6=http://[::1]:8080/p
round.rel=/just/a/path
round.user=http://ada@h/p
hostport=example.com:8443
authority=ada:pw@example.com:8443
hostport.noport=h
enc.space=a%20b
enc.reserved=a%2Fb%3Fc%3Dd%26e%23f
enc.unreserved=aZ09-._~
enc.utf8=caf%C3%A9
enc.empty=[]
enc.path=/dir%20name/a%2Bb.txt
enc.form=a+b%2Bc
dec.pct=café
dec.plusliteral=a+b
dec.form=a b
dec.badpct=100% sure
dec.trunc=ab%C
dec.lower=é
dec.roundtrip=a b/c?d=e&f#g
q.len=3
q.first=1
q.all=1,3
q.missing=[] has=false
q.or=dflt
q.round=a=1&b=2&a=3
q2.len=4
q2.flag=[]
q2.k=[]
q2.empty=[v]
q3.len=0
q4.name=Ada Lovelace
q4.sym=&
q5.add=a=1&b=2&a=3
q5.set=a=9&b=2
q5.setnew=a=9&b=2&new=n
q5.remove=a=9&new=n
q5.at=a/9 oob=[]
rds.simple=/a/b/c
rds.dot=/a/b
rds.dotdot=/a/c
rds.escape=/etc/passwd
rds.trailing=/a/b/
rds.trailingdot=/a/b/
rds.trailingdd=/a/
rds.rel=a/c
rds.relempty=[]
rds.onlydot=[]
rds.root=/
rds.empty=[]
b.full=https://api.example.com:8443/v2/things?limit=10&tag=a&tag=b#results
b.minimal=http://h
b.empty=[]
b.pathonly=/a/b
b.hostonly=//h
b.wholepath=http://h/a/b
b.port0=http://h
b.userinfo=http://ada:pw@h
b.useronly=http://ada@h
b.lowercases=https://example.com
b.fragment=http://h#f
b.v6.bare=http://[::1]:80
b.v6.bracketed=http://[2001:db8::1]
b.seg.one=http://h/a
b.seg.two=http://h/a/b
b.seg.space=http://h/a%20b
b.seg.slash=http://h/a%2Fb
b.seg.traversal=http://h/..%2F..%2Fetc%2Fpasswd
b.seg.empty=http://h/
b.seg.afterpath=http://h/base/x
b.seg.afterslash=http://h/base/x
b.seg.utf8=http://h/caf%C3%A9
b.param=http://h?a=1
b.param.repeat=http://h?t=a&t=b
b.param.encoded=http://h?q=a+b%26c%3Dd
b.param.int=http://h?n=-42
b.param.set=http://h?a=9
b.param.setnew=http://h?a=1
b.param.remove=http://h?b=2
b.param.removeall=http://h
b.param.emptyvalue=http://h?a=
b.query.raw=http://h?x=1&y=2
b.query.replaces=http://h?b=2
b.params.len=2 first=1
b.reuse.1=https://h/api?v=1
b.reuse.2=https://h/api?v=1
b.reuse.3=https://h/api?v=1&w=2
b.build=https|h|8443|/p|a=1|f
b.build.valid=true eff=8443
b.build.roundtrip=true
b.of=https://x.dev/a?k=1#f
b.of.add=https://x.dev/a?k=1&k2=2#f
b.of.swaphost=https://y.dev/a?k=1
b.of.setparam=https://x.dev/a?k=9
b.of.userinfo=https://ada:pw@x.dev:8443/a
b.of.v6=http://[::1]:8080/p
b.of.relative=/just/a/path
b.of.params=3
b.of.bad=[]
b.of.empty=[]
j.g=http://a/b/c/g
j.slashg=http://a/g
j.dotslashg=http://a/b/c/g
j.gslash=http://a/b/c/g/
j.protorel=http://g
j.query=http://a/b/c/d;p?y
j.gquery=http://a/b/c/g?y
j.frag=http://a/b/c/d;p?q#s
j.gfrag=http://a/b/c/g#s
j.empty=http://a/b/c/d;p?q
j.dot=http://a/b/c/
j.dotslash=http://a/b/c/
j.dotdot=http://a/b/
j.dotdotslash=http://a/b/
j.dotdotg=http://a/b/g
j.dotdot2=http://a/
j.dotdot2g=http://a/g
j.overshoot=http://a/g
j.absolute=https://other/x
j.badbase=g
