t.simple= <a> t[hi] </a>
t.nested= <a> <b> <c> t[x] </c> </b> </a>
t.selfclose= <a/> </a>
t.selfclose.nested= <a> <b/> </b> <c/> </c> </a>
t.selfclose.space= <a/> </a>
t.empty.pair= <a> </a>
t.siblings= <r> <a/> </a> <b/> </b> <c/> </c> </r>
t.textonly= t[bare text]
t.empty=
t.mixed= <p> t[a ] <b> t[bold] </b> t[ c] </p>
a.double= <a x='1'/> </a>
a.single= <a x='1'/> </a>
a.several= <a x='1' y='2' z='3'/> </a>
a.spaced= <a x='1' y='2'/> </a>
a.empty= <a x=''/> </a>
a.entity= <a x='<&>'/> </a>
a.quoteinside= <a x='it's' y='say "hi"'/> </a>
a.newline= <a x='one\ntwo'/> </a>
a.dashes= <a data-id='7' xml:lang='en'/> </a>
s.comment= <a> c[ hello ] </a>
s.comment.empty= <a> c[] </a>
s.comment.dashes= <a> c[ a - b ] </a>
s.cdata= <a> cd[<raw> & co] </a>
s.cdata.empty= <a> cd[] </a>
s.cdata.brackets= <a> cd[a]b] </a>
s.pi= pi[xml|version='1.0'] <a/> </a>
s.pi.notarget= pi[stylesheet|] <a/> </a>
s.doctype= dt[html] <a/> </a>
s.doctype.subset= dt[a [<!ENTITY x 'y'>]] <a/> </a>
s.prolog= pi[xml|version='1.0'] dt[a] c[ c ] <a/> </a>
w.keep= <a> t[\n  ] <b/> </b> t[\n] </a>
w.skip= <a> <b/> </b> </a>
w.skip.keepsreal= <a> t[\n  text\n] </a>
e.five= <a> t[<>&"'] </a>
e.decimal= <a> t[ABé] </a>
e.hex= <a> t[ABé] </a>
e.astral= <a> t[😀] </a>
e.unknown= <a> t[caf&eacute;] </a>
e.bare= <a> t[a & b] </a>
e.nosemi= <a> t[&ltx] </a>
e.empty= <a> t[&;] </a>
e.zero= <a> t[&#0;] </a>
e.toobig= <a> t[&#x110000;] </a>
e.notincdata= <a> cd[&lt;] </a>
un.five=<>&"'
un.none=plain text
un.numeric=Hi
un.mixed=a&b&unknown;c!
esc.text=a&lt;b&gt;&amp;c"d'e
esc.attr=a&lt;b&gt;&amp;c&quot;d&apos;e
esc.empty=[]
esc.round=<a href="x">it's</a>
x.mismatch= <a> ERR(</b> closes <a> at line 1)
x.unclosed= <a> <b> </b> ERR(unclosed element <a> at line 1)
x.strayclose= ERR(unexpected </a> at line 1)
x.truncated= ERR(unterminated tag <a> at line 1)
x.badname= ERR(malformed tag name at line 1)
x.unquoted= ERR(attribute 'x' value is not quoted at line 1)
x.novalue= ERR(attribute 'x' has no value at line 1)
x.novalue2= ERR(attribute 'x' value is not quoted at line 1)
x.opencomment= <a> ERR(unterminated comment at line 1)
x.opencdata= <a> ERR(unterminated CDATA section at line 1)
x.openpi= ERR(unterminated processing instruction at line 1)
x.opendoctype= ERR(unterminated DOCTYPE at line 1)
x.openattr= ERR(unterminated value for attribute 'x' at line 1)
x.emptyclose= ERR(empty closing tag name at line 1)
x.slashmid= ERR(stray '/' in tag at line 1)
x.line3= <a> t[\n\n] ERR(attribute 'x' value is not quoted at line 3)
ns.f=local:f prefix:[] uri:urn:default a:[] xb:[]
ns.c=local:c prefix:[] uri:urn:default a:[1] xb:[2]
ns.x:d=local:d prefix:[x] uri:urn:x a:[] xb:[]
ns.g=local:g prefix:[] uri:urn:inner a:[] xb:[]
ns.h=local:h prefix:[] uri:urn:default a:[] xb:[]
ns.h.uri=urn:default
ns.g.uri=urn:inner
ns.xml=http://www.w3.org/XML/1998/namespace
ns.unbound=[]
d.kind=0 isDoc=true
d.root=lib isElem=true
d.attr=main has=true
d.attr.miss=[] or=dflt
d.attr.count=1 name0=name val0=main oob=[]
d.children=3
d.child0=book oob=[]
d.find=n
d.findAll=2
d.findDeep=A
d.findAllDeep=2
d.miss.chain=[]
d.text=ABn
d.ids=12
d.byraw=v
d.bylocal=v
d.byns=v
d.byns.miss=[]
d.textdeep=[a bold c!]
d.texttrim=[padded]
d.ws.parse=1
d.ws.mixed=3
d.err=</a> closes <b> at line 1
d.err.salvaged=a/1
d.ok.err=[]
d.root.of.empty=[]
d.xml_root=a
b.built=<note id="2" tag="a &amp; b">5 &lt; 6<br/><!--hidden--></note>
b.attrs=2
b.empty=<hr/>
b.text=a&lt;b
b.write=<note id="2" tag="a &amp; b">5 &lt; 6<br/><!--hidden--></note>
b.doc=<!-- generated --><note id="2" tag="a &amp; b">5 &lt; 6<br/><!--hidden--></note>
r.simple=<a x="1"><b/>text</a>
r.entities=<a>5 &lt; 6 &amp; 7</a>
r.cdata=<a><![CDATA[<raw>]]></a>
r.pi=<?xml version='1.0'?><a/>
r.nested=<a><b><c/></b></a>
r.mixed=<p>a <b>b</b> c</p>
deep.err=[] text=x
